  Determining projects to restore...
c:\Users\scdou\Documents\NINA.Fujifilm.Plugin\src\NINA.Plugins.Fujifilm\NINA.Plugins.Fujifilm.csproj : warning NU1903: Package 'System.Text.Json' 7.0.3 has a known high severity vulnerability, https://github.com/advisories/GHSA-hh2w-p6rv-4g7w
c:\Users\scdou\Documents\NINA.Fujifilm.Plugin\src\NINA.Plugins.Fujifilm\NINA.Plugins.Fujifilm.csproj : warning NU1701: Package 'ToastNotifications 2.5.1' was restored using '.NETFramework,Version=v4.6.1, .NETFramework,Version=v4.6.2, .NETFramework,Version=v4.7, .NETFramework,Version=v4.7.1, .NETFramework,Version=v4.7.2, .NETFramework,Version=v4.8, .NETFramework,Version=v4.8.1' instead of the project target framework 'net8.0-windows7.0'. This package may not be fully compatible with your project.
c:\Users\scdou\Documents\NINA.Fujifilm.Plugin\src\NINA.Plugins.Fujifilm\NINA.Plugins.Fujifilm.csproj : warning NU1701: Package 'VVVV.FreeImage 3.15.1.1' was restored using '.NETFramework,Version=v4.6.1, .NETFramework,Version=v4.6.2, .NETFramework,Version=v4.7, .NETFramework,Version=v4.7.1, .NETFramework,Version=v4.7.2, .NETFramework,Version=v4.8, .NETFramework,Version=v4.8.1' instead of the project target framework 'net8.0-windows7.0'. This package may not be fully compatible with your project.
  All projects are up-to-date for restore.
C:\Program Files\dotnet\sdk\9.0.203\Sdks\Microsoft.NET.Sdk\targets\Microsoft.NET.Sdk.DefaultItems.targets(148,5): warning NETSDK1137: It is no longer necessary to use the Microsoft.NET.Sdk.WindowsDesktop SDK. Consider changing the Sdk attribute of the root Project element to 'Microsoft.NET.Sdk'. [c:\Users\scdou\Documents\NINA.Fujifilm.Plugin\src\NINA.Plugins.Fujifilm\NINA.Plugins.Fujifilm.csproj]
c:\Users\scdou\Documents\NINA.Fujifilm.Plugin\src\NINA.Plugins.Fujifilm\NINA.Plugins.Fujifilm.csproj : warning NU1903: Package 'System.Text.Json' 7.0.3 has a known high severity vulnerability, https://github.com/advisories/GHSA-hh2w-p6rv-4g7w
c:\Users\scdou\Documents\NINA.Fujifilm.Plugin\src\NINA.Plugins.Fujifilm\NINA.Plugins.Fujifilm.csproj : warning NU1701: Package 'ToastNotifications 2.5.1' was restored using '.NETFramework,Version=v4.6.1, .NETFramework,Version=v4.6.2, .NETFramework,Version=v4.7, .NETFramework,Version=v4.7.1, .NETFramework,Version=v4.7.2, .NETFramework,Version=v4.8, .NETFramework,Version=v4.8.1' instead of the project target framework 'net8.0-windows7.0'. This package may not be fully compatible with your project.
c:\Users\scdou\Documents\NINA.Fujifilm.Plugin\src\NINA.Plugins.Fujifilm\NINA.Plugins.Fujifilm.csproj : warning NU1701: Package 'VVVV.FreeImage 3.15.1.1' was restored using '.NETFramework,Version=v4.6.1, .NETFramework,Version=v4.6.2, .NETFramework,Version=v4.7, .NETFramework,Version=v4.7.1, .NETFramework,Version=v4.7.2, .NETFramework,Version=v4.8, .NETFramework,Version=v4.8.1' instead of the project target framework 'net8.0-windows7.0'. This package may not be fully compatible with your project.
c:\Users\scdou\Documents\NINA.Fujifilm.Plugin\src\NINA.Plugins.Fujifilm\NINA.Plugins.Fujifilm_irffjstc_wpftmp.csproj : warning NU1903: Package 'System.Text.Json' 7.0.3 has a known high severity vulnerability, https://github.com/advisories/GHSA-hh2w-p6rv-4g7w
c:\Users\scdou\Documents\NINA.Fujifilm.Plugin\src\NINA.Plugins.Fujifilm\NINA.Plugins.Fujifilm_irffjstc_wpftmp.csproj : warning NU1701: Package 'ToastNotifications 2.5.1' was restored using '.NETFramework,Version=v4.6.1, .NETFramework,Version=v4.6.2, .NETFramework,Version=v4.7, .NETFramework,Version=v4.7.1, .NETFramework,Version=v4.7.2, .NETFramework,Version=v4.8, .NETFramework,Version=v4.8.1' instead of the project target framework 'net8.0-windows7.0'. This package may not be fully compatible with your project.
c:\Users\scdou\Documents\NINA.Fujifilm.Plugin\src\NINA.Plugins.Fujifilm\NINA.Plugins.Fujifilm_irffjstc_wpftmp.csproj : warning NU1701: Package 'VVVV.FreeImage 3.15.1.1' was restored using '.NETFramework,Version=v4.6.1, .NETFramework,Version=v4.6.2, .NETFramework,Version=v4.7, .NETFramework,Version=v4.7.1, .NETFramework,Version=v4.7.2, .NETFramework,Version=v4.8, .NETFramework,Version=v4.8.1' instead of the project target framework 'net8.0-windows7.0'. This package may not be fully compatible with your project.
c:\Users\scdou\Documents\NINA.Fujifilm.Plugin\src\NINA.Plugins.Fujifilm\Devices\FujiCameraSdkAdapter.cs(13,7): warning CS0105: The using directive for 'System' appeared previously in this namespace [c:\Users\scdou\Documents\NINA.Fujifilm.Plugin\src\NINA.Plugins.Fujifilm\NINA.Plugins.Fujifilm_irffjstc_wpftmp.csproj]
c:\Users\scdou\Documents\NINA.Fujifilm.Plugin\src\NINA.Plugins.Fujifilm\Devices\FujiCameraSdkAdapter.cs(14,7): warning CS0105: The using directive for 'System.Collections.Generic' appeared previously in this namespace [c:\Users\scdou\Documents\NINA.Fujifilm.Plugin\src\NINA.Plugins.Fujifilm\NINA.Plugins.Fujifilm_irffjstc_wpftmp.csproj]
c:\Users\scdou\Documents\NINA.Fujifilm.Plugin\src\NINA.Plugins.Fujifilm\Devices\FujiCameraSdkAdapter.cs(16,7): warning CS0105: The using directive for 'System.Threading' appeared previously in this namespace [c:\Users\scdou\Documents\NINA.Fujifilm.Plugin\src\NINA.Plugins.Fujifilm\NINA.Plugins.Fujifilm_irffjstc_wpftmp.csproj]
c:\Users\scdou\Documents\NINA.Fujifilm.Plugin\src\NINA.Plugins.Fujifilm\Devices\FujiCameraSdkAdapter.cs(17,7): warning CS0105: The using directive for 'System.Threading.Tasks' appeared previously in this namespace [c:\Users\scdou\Documents\NINA.Fujifilm.Plugin\src\NINA.Plugins.Fujifilm\NINA.Plugins.Fujifilm_irffjstc_wpftmp.csproj]
c:\Users\scdou\Documents\NINA.Fujifilm.Plugin\src\NINA.Plugins.Fujifilm\Devices\FujiCameraSdkAdapter.cs(19,7): warning CS0105: The using directive for 'NINA.Equipment.Interfaces' appeared previously in this namespace [c:\Users\scdou\Documents\NINA.Fujifilm.Plugin\src\NINA.Plugins.Fujifilm\NINA.Plugins.Fujifilm_irffjstc_wpftmp.csproj]
c:\Users\scdou\Documents\NINA.Fujifilm.Plugin\src\NINA.Plugins.Fujifilm\Configuration\Loading\ICameraModelCatalog.cs(7,17): warning CS8632: The annotation for nullable reference types should only be used in code within a '#nullable' annotations context. [c:\Users\scdou\Documents\NINA.Fujifilm.Plugin\src\NINA.Plugins.Fujifilm\NINA.Plugins.Fujifilm_irffjstc_wpftmp.csproj]
c:\Users\scdou\Documents\NINA.Fujifilm.Plugin\src\NINA.Plugins.Fujifilm\Imaging\CameraImageBuilder.cs(34,21): warning CS8632: The annotation for nullable reference types should only be used in code within a '#nullable' annotations context. [c:\Users\scdou\Documents\NINA.Fujifilm.Plugin\src\NINA.Plugins.Fujifilm\NINA.Plugins.Fujifilm_irffjstc_wpftmp.csproj]
c:\Users\scdou\Documents\NINA.Fujifilm.Plugin\src\NINA.Plugins.Fujifilm\Imaging\CameraImageBuilder.cs(83,21): warning CS8632: The annotation for nullable reference types should only be used in code within a '#nullable' annotations context. [c:\Users\scdou\Documents\NINA.Fujifilm.Plugin\src\NINA.Plugins.Fujifilm\NINA.Plugins.Fujifilm_irffjstc_wpftmp.csproj]
c:\Users\scdou\Documents\NINA.Fujifilm.Plugin\src\NINA.Plugins.Fujifilm\Imaging\CameraImageBuilder.cs(104,75): warning CS8632: The annotation for nullable reference types should only be used in code within a '#nullable' annotations context. [c:\Users\scdou\Documents\NINA.Fujifilm.Plugin\src\NINA.Plugins.Fujifilm\NINA.Plugins.Fujifilm_irffjstc_wpftmp.csproj]
c:\Users\scdou\Documents\NINA.Fujifilm.Plugin\src\NINA.Plugins.Fujifilm\Imaging\CameraImageBuilder.cs(120,19): warning CS8632: The annotation for nullable reference types should only be used in code within a '#nullable' annotations context. [c:\Users\scdou\Documents\NINA.Fujifilm.Plugin\src\NINA.Plugins.Fujifilm\NINA.Plugins.Fujifilm_irffjstc_wpftmp.csproj]
c:\Users\scdou\Documents\NINA.Fujifilm.Plugin\src\NINA.Plugins.Fujifilm\Configuration\Loading\CameraModelCatalog.cs(31,24): warning CS8632: The annotation for nullable reference types should only be used in code within a '#nullable' annotations context. [c:\Users\scdou\Documents\NINA.Fujifilm.Plugin\src\NINA.Plugins.Fujifilm\NINA.Plugins.Fujifilm_irffjstc_wpftmp.csproj]
c:\Users\scdou\Documents\NINA.Fujifilm.Plugin\src\NINA.Plugins.Fujifilm\Imaging\CameraImageBuilder.cs(161,15): warning CS8632: The annotation for nullable reference types should only be used in code within a '#nullable' annotations context. [c:\Users\scdou\Documents\NINA.Fujifilm.Plugin\src\NINA.Plugins.Fujifilm\NINA.Plugins.Fujifilm_irffjstc_wpftmp.csproj]
c:\Users\scdou\Documents\NINA.Fujifilm.Plugin\src\NINA.Plugins.Fujifilm\Imaging\CameraImageBuilder.cs(162,21): warning CS8632: The annotation for nullable reference types should only be used in code within a '#nullable' annotations context. [c:\Users\scdou\Documents\NINA.Fujifilm.Plugin\src\NINA.Plugins.Fujifilm\NINA.Plugins.Fujifilm_irffjstc_wpftmp.csproj]
c:\Users\scdou\Documents\NINA.Fujifilm.Plugin\src\NINA.Plugins.Fujifilm\Diagnostics\FujifilmDiagnosticsService.cs(49,69): warning CS8632: The annotation for nullable reference types should only be used in code within a '#nullable' annotations context. [c:\Users\scdou\Documents\NINA.Fujifilm.Plugin\src\NINA.Plugins.Fujifilm\NINA.Plugins.Fujifilm_irffjstc_wpftmp.csproj]
c:\Users\scdou\Documents\NINA.Fujifilm.Plugin\src\NINA.Plugins.Fujifilm\Diagnostics\IFujifilmDiagnosticsService.cs(11,62): warning CS8632: The annotation for nullable reference types should only be used in code within a '#nullable' annotations context. [c:\Users\scdou\Documents\NINA.Fujifilm.Plugin\src\NINA.Plugins.Fujifilm\NINA.Plugins.Fujifilm_irffjstc_wpftmp.csproj]
c:\Users\scdou\Documents\NINA.Fujifilm.Plugin\src\NINA.Plugins.Fujifilm\Imaging\CameraImageBuilder.cs(268,11): warning CS8632: The annotation for nullable reference types should only be used in code within a '#nullable' annotations context. [c:\Users\scdou\Documents\NINA.Fujifilm.Plugin\src\NINA.Plugins.Fujifilm\NINA.Plugins.Fujifilm_irffjstc_wpftmp.csproj]
c:\Users\scdou\Documents\NINA.Fujifilm.Plugin\src\NINA.Plugins.Fujifilm\Imaging\CameraImageBuilder.cs(269,13): warning CS8632: The annotation for nullable reference types should only be used in code within a '#nullable' annotations context. [c:\Users\scdou\Documents\NINA.Fujifilm.Plugin\src\NINA.Plugins.Fujifilm\NINA.Plugins.Fujifilm_irffjstc_wpftmp.csproj]
c:\Users\scdou\Documents\NINA.Fujifilm.Plugin\src\NINA.Plugins.Fujifilm\Imaging\CameraImageBuilder.cs(286,20): warning CS8632: The annotation for nullable reference types should only be used in code within a '#nullable' annotations context. [c:\Users\scdou\Documents\NINA.Fujifilm.Plugin\src\NINA.Plugins.Fujifilm\NINA.Plugins.Fujifilm_irffjstc_wpftmp.csproj]
c:\Users\scdou\Documents\NINA.Fujifilm.Plugin\src\NINA.Plugins.Fujifilm\Imaging\CameraImageBuilder.cs(333,82): warning CS8632: The annotation for nullable reference types should only be used in code within a '#nullable' annotations context. [c:\Users\scdou\Documents\NINA.Fujifilm.Plugin\src\NINA.Plugins.Fujifilm\NINA.Plugins.Fujifilm_irffjstc_wpftmp.csproj]
c:\Users\scdou\Documents\NINA.Fujifilm.Plugin\src\NINA.Plugins.Fujifilm\Devices\FujiCamera.cs(212,24): warning CS8632: The annotation for nullable reference types should only be used in code within a '#nullable' annotations context. [c:\Users\scdou\Documents\NINA.Fujifilm.Plugin\src\NINA.Plugins.Fujifilm\NINA.Plugins.Fujifilm_irffjstc_wpftmp.csproj]
c:\Users\scdou\Documents\NINA.Fujifilm.Plugin\src\NINA.Plugins.Fujifilm\Plugin\FujiManifest.cs(14,29): warning CS8632: The annotation for nullable reference types should only be used in code within a '#nullable' annotations context. [c:\Users\scdou\Documents\NINA.Fujifilm.Plugin\src\NINA.Plugins.Fujifilm\NINA.Plugins.Fujifilm_irffjstc_wpftmp.csproj]
c:\Users\scdou\Documents\NINA.Fujifilm.Plugin\src\NINA.Plugins.Fujifilm\Imaging\XisfPropertyEncoder.cs(25,36): warning CS8632: The annotation for nullable reference types should only be used in code within a '#nullable' annotations context. [c:\Users\scdou\Documents\NINA.Fujifilm.Plugin\src\NINA.Plugins.Fujifilm\NINA.Plugins.Fujifilm_irffjstc_wpftmp.csproj]
c:\Users\scdou\Documents\NINA.Fujifilm.Plugin\src\NINA.Plugins.Fujifilm\Imaging\XisfPropertyEncoder.cs(80,26): warning CS8632: The annotation for nullable reference types should only be used in code within a '#nullable' annotations context. [c:\Users\scdou\Documents\NINA.Fujifilm.Plugin\src\NINA.Plugins.Fujifilm\NINA.Plugins.Fujifilm_irffjstc_wpftmp.csproj]
c:\Users\scdou\Documents\NINA.Fujifilm.Plugin\src\NINA.Plugins.Fujifilm\Devices\FujiCamera.cs(19,34): error CS0535: 'FujiCamera' does not implement interface member 'IAsyncDisposable.DisposeAsync()' [c:\Users\scdou\Documents\NINA.Fujifilm.Plugin\src\NINA.Plugins.Fujifilm\NINA.Plugins.Fujifilm_irffjstc_wpftmp.csproj]
c:\Users\scdou\Documents\NINA.Fujifilm.Plugin\src\NINA.Plugins.Fujifilm\Devices\FujiCamera.cs(26,34): warning CS8632: The annotation for nullable reference types should only be used in code within a '#nullable' annotations context. [c:\Users\scdou\Documents\NINA.Fujifilm.Plugin\src\NINA.Plugins.Fujifilm\NINA.Plugins.Fujifilm_irffjstc_wpftmp.csproj]
c:\Users\scdou\Documents\NINA.Fujifilm.Plugin\src\NINA.Plugins.Fujifilm\Devices\FujiCamera.cs(27,25): warning CS8632: The annotation for nullable reference types should only be used in code within a '#nullable' annotations context. [c:\Users\scdou\Documents\NINA.Fujifilm.Plugin\src\NINA.Plugins.Fujifilm\NINA.Plugins.Fujifilm_irffjstc_wpftmp.csproj]
c:\Users\scdou\Documents\NINA.Fujifilm.Plugin\src\NINA.Plugins.Fujifilm\UI\SettingsViewModel.cs(147,66): warning CS8632: The annotation for nullable reference types should only be used in code within a '#nullable' annotations context. [c:\Users\scdou\Documents\NINA.Fujifilm.Plugin\src\NINA.Plugins.Fujifilm\NINA.Plugins.Fujifilm_irffjstc_wpftmp.csproj]
c:\Users\scdou\Documents\NINA.Fujifilm.Plugin\src\NINA.Plugins.Fujifilm\UI\SettingsViewModel.cs(153,68): warning CS8632: The annotation for nullable reference types should only be used in code within a '#nullable' annotations context. [c:\Users\scdou\Documents\NINA.Fujifilm.Plugin\src\NINA.Plugins.Fujifilm\NINA.Plugins.Fujifilm_irffjstc_wpftmp.csproj]
c:\Users\scdou\Documents\NINA.Fujifilm.Plugin\src\NINA.Plugins.Fujifilm\Interop\LibRawAdapter.cs(106,19): warning CS8632: The annotation for nullable reference types should only be used in code within a '#nullable' annotations context. [c:\Users\scdou\Documents\NINA.Fujifilm.Plugin\src\NINA.Plugins.Fujifilm\NINA.Plugins.Fujifilm_irffjstc_wpftmp.csproj]
c:\Users\scdou\Documents\NINA.Fujifilm.Plugin\src\NINA.Plugins.Fujifilm\Interop\LibRawAdapter.cs(259,11): warning CS8632: The annotation for nullable reference types should only be used in code within a '#nullable' annotations context. [c:\Users\scdou\Documents\NINA.Fujifilm.Plugin\src\NINA.Plugins.Fujifilm\NINA.Plugins.Fujifilm_irffjstc_wpftmp.csproj]
c:\Users\scdou\Documents\NINA.Fujifilm.Plugin\src\NINA.Plugins.Fujifilm\Interop\LibRawAdapter.cs(260,13): warning CS8632: The annotation for nullable reference types should only be used in code within a '#nullable' annotations context. [c:\Users\scdou\Documents\NINA.Fujifilm.Plugin\src\NINA.Plugins.Fujifilm\NINA.Plugins.Fujifilm_irffjstc_wpftmp.csproj]
c:\Users\scdou\Documents\NINA.Fujifilm.Plugin\src\NINA.Plugins.Fujifilm\UI\SettingsViewModel.cs(22,36): warning CS8632: The annotation for nullable reference types should only be used in code within a '#nullable' annotations context. [c:\Users\scdou\Documents\NINA.Fujifilm.Plugin\src\NINA.Plugins.Fujifilm\NINA.Plugins.Fujifilm_irffjstc_wpftmp.csproj]
c:\Users\scdou\Documents\NINA.Fujifilm.Plugin\src\NINA.Plugins.Fujifilm\UI\SettingsViewModel.cs(28,37): warning CS8632: The annotation for nullable reference types should only be used in code within a '#nullable' annotations context. [c:\Users\scdou\Documents\NINA.Fujifilm.Plugin\src\NINA.Plugins.Fujifilm\NINA.Plugins.Fujifilm_irffjstc_wpftmp.csproj]
c:\Users\scdou\Documents\NINA.Fujifilm.Plugin\src\NINA.Plugins.Fujifilm\UI\SettingsViewModel.cs(31,35): warning CS8632: The annotation for nullable reference types should only be used in code within a '#nullable' annotations context. [c:\Users\scdou\Documents\NINA.Fujifilm.Plugin\src\NINA.Plugins.Fujifilm\NINA.Plugins.Fujifilm_irffjstc_wpftmp.csproj]
c:\Users\scdou\Documents\NINA.Fujifilm.Plugin\src\NINA.Plugins.Fujifilm\Interop\LibRawAdapter.cs(268,20): warning CS8632: The annotation for nullable reference types should only be used in code within a '#nullable' annotations context. [c:\Users\scdou\Documents\NINA.Fujifilm.Plugin\src\NINA.Plugins.Fujifilm\NINA.Plugins.Fujifilm_irffjstc_wpftmp.csproj]
c:\Users\scdou\Documents\NINA.Fujifilm.Plugin\src\NINA.Plugins.Fujifilm\Devices\FujiFocuser.cs(21,37): warning CS8632: The annotation for nullable reference types should only be used in code within a '#nullable' annotations context. [c:\Users\scdou\Documents\NINA.Fujifilm.Plugin\src\NINA.Plugins.Fujifilm\NINA.Plugins.Fujifilm_irffjstc_wpftmp.csproj]
c:\Users\scdou\Documents\NINA.Fujifilm.Plugin\src\NINA.Plugins.Fujifilm\Devices\FujiFocuser.cs(22,25): warning CS8632: The annotation for nullable reference types should only be used in code within a '#nullable' annotations context. [c:\Users\scdou\Documents\NINA.Fujifilm.Plugin\src\NINA.Plugins.Fujifilm\NINA.Plugins.Fujifilm_irffjstc_wpftmp.csproj]
c:\Users\scdou\Documents\NINA.Fujifilm.Plugin\src\NINA.Plugins.Fujifilm\Interop\LibRawAdapter.cs(270,81): warning CS8632: The annotation for nullable reference types should only be used in code within a '#nullable' annotations context. [c:\Users\scdou\Documents\NINA.Fujifilm.Plugin\src\NINA.Plugins.Fujifilm\NINA.Plugins.Fujifilm_irffjstc_wpftmp.csproj]
c:\Users\scdou\Documents\NINA.Fujifilm.Plugin\src\NINA.Plugins.Fujifilm\Devices\FujiFocuser.cs(23,34): warning CS8632: The annotation for nullable reference types should only be used in code within a '#nullable' annotations context. [c:\Users\scdou\Documents\NINA.Fujifilm.Plugin\src\NINA.Plugins.Fujifilm\NINA.Plugins.Fujifilm_irffjstc_wpftmp.csproj]
c:\Users\scdou\Documents\NINA.Fujifilm.Plugin\src\NINA.Plugins.Fujifilm\Interop\RawProcessor.cs(176,28): warning CS8632: The annotation for nullable reference types should only be used in code within a '#nullable' annotations context. [c:\Users\scdou\Documents\NINA.Fujifilm.Plugin\src\NINA.Plugins.Fujifilm\NINA.Plugins.Fujifilm_irffjstc_wpftmp.csproj]
c:\Users\scdou\Documents\NINA.Fujifilm.Plugin\src\NINA.Plugins.Fujifilm\Interop\RawProcessor.cs(342,50): warning CS8632: The annotation for nullable reference types should only be used in code within a '#nullable' annotations context. [c:\Users\scdou\Documents\NINA.Fujifilm.Plugin\src\NINA.Plugins.Fujifilm\NINA.Plugins.Fujifilm_irffjstc_wpftmp.csproj]
c:\Users\scdou\Documents\NINA.Fujifilm.Plugin\src\NINA.Plugins.Fujifilm\Interop\RawProcessor.cs(373,26): warning CS8632: The annotation for nullable reference types should only be used in code within a '#nullable' annotations context. [c:\Users\scdou\Documents\NINA.Fujifilm.Plugin\src\NINA.Plugins.Fujifilm\NINA.Plugins.Fujifilm_irffjstc_wpftmp.csproj]
c:\Users\scdou\Documents\NINA.Fujifilm.Plugin\src\NINA.Plugins.Fujifilm\Interop\RawProcessor.cs(378,25): warning CS8632: The annotation for nullable reference types should only be used in code within a '#nullable' annotations context. [c:\Users\scdou\Documents\NINA.Fujifilm.Plugin\src\NINA.Plugins.Fujifilm\NINA.Plugins.Fujifilm_irffjstc_wpftmp.csproj]
c:\Users\scdou\Documents\NINA.Fujifilm.Plugin\src\NINA.Plugins.Fujifilm\Interop\RawProcessor.cs(14,24): warning CS8632: The annotation for nullable reference types should only be used in code within a '#nullable' annotations context. [c:\Users\scdou\Documents\NINA.Fujifilm.Plugin\src\NINA.Plugins.Fujifilm\NINA.Plugins.Fujifilm_irffjstc_wpftmp.csproj]
c:\Users\scdou\Documents\NINA.Fujifilm.Plugin\src\NINA.Plugins.Fujifilm\Interop\RawProcessor.cs(15,30): warning CS8632: The annotation for nullable reference types should only be used in code within a '#nullable' annotations context. [c:\Users\scdou\Documents\NINA.Fujifilm.Plugin\src\NINA.Plugins.Fujifilm\NINA.Plugins.Fujifilm_irffjstc_wpftmp.csproj]
c:\Users\scdou\Documents\NINA.Fujifilm.Plugin\src\NINA.Plugins.Fujifilm\Interop\RawProcessor.cs(394,20): warning CS8632: The annotation for nullable reference types should only be used in code within a '#nullable' annotations context. [c:\Users\scdou\Documents\NINA.Fujifilm.Plugin\src\NINA.Plugins.Fujifilm\NINA.Plugins.Fujifilm_irffjstc_wpftmp.csproj]
c:\Users\scdou\Documents\NINA.Fujifilm.Plugin\src\NINA.Plugins.Fujifilm\Interop\RawProcessor.cs(397,18): warning CS8632: The annotation for nullable reference types should only be used in code within a '#nullable' annotations context. [c:\Users\scdou\Documents\NINA.Fujifilm.Plugin\src\NINA.Plugins.Fujifilm\NINA.Plugins.Fujifilm_irffjstc_wpftmp.csproj]
c:\Users\scdou\Documents\NINA.Fujifilm.Plugin\src\NINA.Plugins.Fujifilm\Interop\RawProcessor.cs(398,18): warning CS8632: The annotation for nullable reference types should only be used in code within a '#nullable' annotations context. [c:\Users\scdou\Documents\NINA.Fujifilm.Plugin\src\NINA.Plugins.Fujifilm\NINA.Plugins.Fujifilm_irffjstc_wpftmp.csproj]

Build FAILED.

c:\Users\scdou\Documents\NINA.Fujifilm.Plugin\src\NINA.Plugins.Fujifilm\NINA.Plugins.Fujifilm.csproj : warning NU1903: Package 'System.Text.Json' 7.0.3 has a known high severity vulnerability, https://github.com/advisories/GHSA-hh2w-p6rv-4g7w
c:\Users\scdou\Documents\NINA.Fujifilm.Plugin\src\NINA.Plugins.Fujifilm\NINA.Plugins.Fujifilm.csproj : warning NU1701: Package 'ToastNotifications 2.5.1' was restored using '.NETFramework,Version=v4.6.1, .NETFramework,Version=v4.6.2, .NETFramework,Version=v4.7, .NETFramework,Version=v4.7.1, .NETFramework,Version=v4.7.2, .NETFramework,Version=v4.8, .NETFramework,Version=v4.8.1' instead of the project target framework 'net8.0-windows7.0'. This package may not be fully compatible with your project.
c:\Users\scdou\Documents\NINA.Fujifilm.Plugin\src\NINA.Plugins.Fujifilm\NINA.Plugins.Fujifilm.csproj : warning NU1701: Package 'VVVV.FreeImage 3.15.1.1' was restored using '.NETFramework,Version=v4.6.1, .NETFramework,Version=v4.6.2, .NETFramework,Version=v4.7, .NETFramework,Version=v4.7.1, .NETFramework,Version=v4.7.2, .NETFramework,Version=v4.8, .NETFramework,Version=v4.8.1' instead of the project target framework 'net8.0-windows7.0'. This package may not be fully compatible with your project.
C:\Program Files\dotnet\sdk\9.0.203\Sdks\Microsoft.NET.Sdk\targets\Microsoft.NET.Sdk.DefaultItems.targets(148,5): warning NETSDK1137: It is no longer necessary to use the Microsoft.NET.Sdk.WindowsDesktop SDK. Consider changing the Sdk attribute of the root Project element to 'Microsoft.NET.Sdk'. [c:\Users\scdou\Documents\NINA.Fujifilm.Plugin\src\NINA.Plugins.Fujifilm\NINA.Plugins.Fujifilm.csproj]
c:\Users\scdou\Documents\NINA.Fujifilm.Plugin\src\NINA.Plugins.Fujifilm\NINA.Plugins.Fujifilm.csproj : warning NU1903: Package 'System.Text.Json' 7.0.3 has a known high severity vulnerability, https://github.com/advisories/GHSA-hh2w-p6rv-4g7w
c:\Users\scdou\Documents\NINA.Fujifilm.Plugin\src\NINA.Plugins.Fujifilm\NINA.Plugins.Fujifilm.csproj : warning NU1701: Package 'ToastNotifications 2.5.1' was restored using '.NETFramework,Version=v4.6.1, .NETFramework,Version=v4.6.2, .NETFramework,Version=v4.7, .NETFramework,Version=v4.7.1, .NETFramework,Version=v4.7.2, .NETFramework,Version=v4.8, .NETFramework,Version=v4.8.1' instead of the project target framework 'net8.0-windows7.0'. This package may not be fully compatible with your project.
c:\Users\scdou\Documents\NINA.Fujifilm.Plugin\src\NINA.Plugins.Fujifilm\NINA.Plugins.Fujifilm.csproj : warning NU1701: Package 'VVVV.FreeImage 3.15.1.1' was restored using '.NETFramework,Version=v4.6.1, .NETFramework,Version=v4.6.2, .NETFramework,Version=v4.7, .NETFramework,Version=v4.7.1, .NETFramework,Version=v4.7.2, .NETFramework,Version=v4.8, .NETFramework,Version=v4.8.1' instead of the project target framework 'net8.0-windows7.0'. This package may not be fully compatible with your project.
c:\Users\scdou\Documents\NINA.Fujifilm.Plugin\src\NINA.Plugins.Fujifilm\NINA.Plugins.Fujifilm_irffjstc_wpftmp.csproj : warning NU1903: Package 'System.Text.Json' 7.0.3 has a known high severity vulnerability, https://github.com/advisories/GHSA-hh2w-p6rv-4g7w
c:\Users\scdou\Documents\NINA.Fujifilm.Plugin\src\NINA.Plugins.Fujifilm\NINA.Plugins.Fujifilm_irffjstc_wpftmp.csproj : warning NU1701: Package 'ToastNotifications 2.5.1' was restored using '.NETFramework,Version=v4.6.1, .NETFramework,Version=v4.6.2, .NETFramework,Version=v4.7, .NETFramework,Version=v4.7.1, .NETFramework,Version=v4.7.2, .NETFramework,Version=v4.8, .NETFramework,Version=v4.8.1' instead of the project target framework 'net8.0-windows7.0'. This package may not be fully compatible with your project.
c:\Users\scdou\Documents\NINA.Fujifilm.Plugin\src\NINA.Plugins.Fujifilm\NINA.Plugins.Fujifilm_irffjstc_wpftmp.csproj : warning NU1701: Package 'VVVV.FreeImage 3.15.1.1' was restored using '.NETFramework,Version=v4.6.1, .NETFramework,Version=v4.6.2, .NETFramework,Version=v4.7, .NETFramework,Version=v4.7.1, .NETFramework,Version=v4.7.2, .NETFramework,Version=v4.8, .NETFramework,Version=v4.8.1' instead of the project target framework 'net8.0-windows7.0'. This package may not be fully compatible with your project.
c:\Users\scdou\Documents\NINA.Fujifilm.Plugin\src\NINA.Plugins.Fujifilm\Devices\FujiCameraSdkAdapter.cs(13,7): warning CS0105: The using directive for 'System' appeared previously in this namespace [c:\Users\scdou\Documents\NINA.Fujifilm.Plugin\src\NINA.Plugins.Fujifilm\NINA.Plugins.Fujifilm_irffjstc_wpftmp.csproj]
c:\Users\scdou\Documents\NINA.Fujifilm.Plugin\src\NINA.Plugins.Fujifilm\Devices\FujiCameraSdkAdapter.cs(14,7): warning CS0105: The using directive for 'System.Collections.Generic' appeared previously in this namespace [c:\Users\scdou\Documents\NINA.Fujifilm.Plugin\src\NINA.Plugins.Fujifilm\NINA.Plugins.Fujifilm_irffjstc_wpftmp.csproj]
c:\Users\scdou\Documents\NINA.Fujifilm.Plugin\src\NINA.Plugins.Fujifilm\Devices\FujiCameraSdkAdapter.cs(16,7): warning CS0105: The using directive for 'System.Threading' appeared previously in this namespace [c:\Users\scdou\Documents\NINA.Fujifilm.Plugin\src\NINA.Plugins.Fujifilm\NINA.Plugins.Fujifilm_irffjstc_wpftmp.csproj]
c:\Users\scdou\Documents\NINA.Fujifilm.Plugin\src\NINA.Plugins.Fujifilm\Devices\FujiCameraSdkAdapter.cs(17,7): warning CS0105: The using directive for 'System.Threading.Tasks' appeared previously in this namespace [c:\Users\scdou\Documents\NINA.Fujifilm.Plugin\src\NINA.Plugins.Fujifilm\NINA.Plugins.Fujifilm_irffjstc_wpftmp.csproj]
c:\Users\scdou\Documents\NINA.Fujifilm.Plugin\src\NINA.Plugins.Fujifilm\Devices\FujiCameraSdkAdapter.cs(19,7): warning CS0105: The using directive for 'NINA.Equipment.Interfaces' appeared previously in this namespace [c:\Users\scdou\Documents\NINA.Fujifilm.Plugin\src\NINA.Plugins.Fujifilm\NINA.Plugins.Fujifilm_irffjstc_wpftmp.csproj]
c:\Users\scdou\Documents\NINA.Fujifilm.Plugin\src\NINA.Plugins.Fujifilm\Configuration\Loading\ICameraModelCatalog.cs(7,17): warning CS8632: The annotation for nullable reference types should only be used in code within a '#nullable' annotations context. [c:\Users\scdou\Documents\NINA.Fujifilm.Plugin\src\NINA.Plugins.Fujifilm\NINA.Plugins.Fujifilm_irffjstc_wpftmp.csproj]
c:\Users\scdou\Documents\NINA.Fujifilm.Plugin\src\NINA.Plugins.Fujifilm\Imaging\CameraImageBuilder.cs(34,21): warning CS8632: The annotation for nullable reference types should only be used in code within a '#nullable' annotations context. [c:\Users\scdou\Documents\NINA.Fujifilm.Plugin\src\NINA.Plugins.Fujifilm\NINA.Plugins.Fujifilm_irffjstc_wpftmp.csproj]
c:\Users\scdou\Documents\NINA.Fujifilm.Plugin\src\NINA.Plugins.Fujifilm\Imaging\CameraImageBuilder.cs(83,21): warning CS8632: The annotation for nullable reference types should only be used in code within a '#nullable' annotations context. [c:\Users\scdou\Documents\NINA.Fujifilm.Plugin\src\NINA.Plugins.Fujifilm\NINA.Plugins.Fujifilm_irffjstc_wpftmp.csproj]
c:\Users\scdou\Documents\NINA.Fujifilm.Plugin\src\NINA.Plugins.Fujifilm\Imaging\CameraImageBuilder.cs(104,75): warning CS8632: The annotation for nullable reference types should only be used in code within a '#nullable' annotations context. [c:\Users\scdou\Documents\NINA.Fujifilm.Plugin\src\NINA.Plugins.Fujifilm\NINA.Plugins.Fujifilm_irffjstc_wpftmp.csproj]
c:\Users\scdou\Documents\NINA.Fujifilm.Plugin\src\NINA.Plugins.Fujifilm\Imaging\CameraImageBuilder.cs(120,19): warning CS8632: The annotation for nullable reference types should only be used in code within a '#nullable' annotations context. [c:\Users\scdou\Documents\NINA.Fujifilm.Plugin\src\NINA.Plugins.Fujifilm\NINA.Plugins.Fujifilm_irffjstc_wpftmp.csproj]
c:\Users\scdou\Documents\NINA.Fujifilm.Plugin\src\NINA.Plugins.Fujifilm\Configuration\Loading\CameraModelCatalog.cs(31,24): warning CS8632: The annotation for nullable reference types should only be used in code within a '#nullable' annotations context. [c:\Users\scdou\Documents\NINA.Fujifilm.Plugin\src\NINA.Plugins.Fujifilm\NINA.Plugins.Fujifilm_irffjstc_wpftmp.csproj]
c:\Users\scdou\Documents\NINA.Fujifilm.Plugin\src\NINA.Plugins.Fujifilm\Imaging\CameraImageBuilder.cs(161,15): warning CS8632: The annotation for nullable reference types should only be used in code within a '#nullable' annotations context. [c:\Users\scdou\Documents\NINA.Fujifilm.Plugin\src\NINA.Plugins.Fujifilm\NINA.Plugins.Fujifilm_irffjstc_wpftmp.csproj]
c:\Users\scdou\Documents\NINA.Fujifilm.Plugin\src\NINA.Plugins.Fujifilm\Imaging\CameraImageBuilder.cs(162,21): warning CS8632: The annotation for nullable reference types should only be used in code within a '#nullable' annotations context. [c:\Users\scdou\Documents\NINA.Fujifilm.Plugin\src\NINA.Plugins.Fujifilm\NINA.Plugins.Fujifilm_irffjstc_wpftmp.csproj]
c:\Users\scdou\Documents\NINA.Fujifilm.Plugin\src\NINA.Plugins.Fujifilm\Diagnostics\FujifilmDiagnosticsService.cs(49,69): warning CS8632: The annotation for nullable reference types should only be used in code within a '#nullable' annotations context. [c:\Users\scdou\Documents\NINA.Fujifilm.Plugin\src\NINA.Plugins.Fujifilm\NINA.Plugins.Fujifilm_irffjstc_wpftmp.csproj]
c:\Users\scdou\Documents\NINA.Fujifilm.Plugin\src\NINA.Plugins.Fujifilm\Diagnostics\IFujifilmDiagnosticsService.cs(11,62): warning CS8632: The annotation for nullable reference types should only be used in code within a '#nullable' annotations context. [c:\Users\scdou\Documents\NINA.Fujifilm.Plugin\src\NINA.Plugins.Fujifilm\NINA.Plugins.Fujifilm_irffjstc_wpftmp.csproj]
c:\Users\scdou\Documents\NINA.Fujifilm.Plugin\src\NINA.Plugins.Fujifilm\Imaging\CameraImageBuilder.cs(268,11): warning CS8632: The annotation for nullable reference types should only be used in code within a '#nullable' annotations context. [c:\Users\scdou\Documents\NINA.Fujifilm.Plugin\src\NINA.Plugins.Fujifilm\NINA.Plugins.Fujifilm_irffjstc_wpftmp.csproj]
c:\Users\scdou\Documents\NINA.Fujifilm.Plugin\src\NINA.Plugins.Fujifilm\Imaging\CameraImageBuilder.cs(269,13): warning CS8632: The annotation for nullable reference types should only be used in code within a '#nullable' annotations context. [c:\Users\scdou\Documents\NINA.Fujifilm.Plugin\src\NINA.Plugins.Fujifilm\NINA.Plugins.Fujifilm_irffjstc_wpftmp.csproj]
c:\Users\scdou\Documents\NINA.Fujifilm.Plugin\src\NINA.Plugins.Fujifilm\Imaging\CameraImageBuilder.cs(286,20): warning CS8632: The annotation for nullable reference types should only be used in code within a '#nullable' annotations context. [c:\Users\scdou\Documents\NINA.Fujifilm.Plugin\src\NINA.Plugins.Fujifilm\NINA.Plugins.Fujifilm_irffjstc_wpftmp.csproj]
c:\Users\scdou\Documents\NINA.Fujifilm.Plugin\src\NINA.Plugins.Fujifilm\Imaging\CameraImageBuilder.cs(333,82): warning CS8632: The annotation for nullable reference types should only be used in code within a '#nullable' annotations context. [c:\Users\scdou\Documents\NINA.Fujifilm.Plugin\src\NINA.Plugins.Fujifilm\NINA.Plugins.Fujifilm_irffjstc_wpftmp.csproj]
c:\Users\scdou\Documents\NINA.Fujifilm.Plugin\src\NINA.Plugins.Fujifilm\Devices\FujiCamera.cs(212,24): warning CS8632: The annotation for nullable reference types should only be used in code within a '#nullable' annotations context. [c:\Users\scdou\Documents\NINA.Fujifilm.Plugin\src\NINA.Plugins.Fujifilm\NINA.Plugins.Fujifilm_irffjstc_wpftmp.csproj]
c:\Users\scdou\Documents\NINA.Fujifilm.Plugin\src\NINA.Plugins.Fujifilm\Plugin\FujiManifest.cs(14,29): warning CS8632: The annotation for nullable reference types should only be used in code within a '#nullable' annotations context. [c:\Users\scdou\Documents\NINA.Fujifilm.Plugin\src\NINA.Plugins.Fujifilm\NINA.Plugins.Fujifilm_irffjstc_wpftmp.csproj]
c:\Users\scdou\Documents\NINA.Fujifilm.Plugin\src\NINA.Plugins.Fujifilm\Imaging\XisfPropertyEncoder.cs(25,36): warning CS8632: The annotation for nullable reference types should only be used in code within a '#nullable' annotations context. [c:\Users\scdou\Documents\NINA.Fujifilm.Plugin\src\NINA.Plugins.Fujifilm\NINA.Plugins.Fujifilm_irffjstc_wpftmp.csproj]
c:\Users\scdou\Documents\NINA.Fujifilm.Plugin\src\NINA.Plugins.Fujifilm\Imaging\XisfPropertyEncoder.cs(80,26): warning CS8632: The annotation for nullable reference types should only be used in code within a '#nullable' annotations context. [c:\Users\scdou\Documents\NINA.Fujifilm.Plugin\src\NINA.Plugins.Fujifilm\NINA.Plugins.Fujifilm_irffjstc_wpftmp.csproj]
c:\Users\scdou\Documents\NINA.Fujifilm.Plugin\src\NINA.Plugins.Fujifilm\Devices\FujiCamera.cs(26,34): warning CS8632: The annotation for nullable reference types should only be used in code within a '#nullable' annotations context. [c:\Users\scdou\Documents\NINA.Fujifilm.Plugin\src\NINA.Plugins.Fujifilm\NINA.Plugins.Fujifilm_irffjstc_wpftmp.csproj]
c:\Users\scdou\Documents\NINA.Fujifilm.Plugin\src\NINA.Plugins.Fujifilm\Devices\FujiCamera.cs(27,25): warning CS8632: The annotation for nullable reference types should only be used in code within a '#nullable' annotations context. [c:\Users\scdou\Documents\NINA.Fujifilm.Plugin\src\NINA.Plugins.Fujifilm\NINA.Plugins.Fujifilm_irffjstc_wpftmp.csproj]
c:\Users\scdou\Documents\NINA.Fujifilm.Plugin\src\NINA.Plugins.Fujifilm\UI\SettingsViewModel.cs(147,66): warning CS8632: The annotation for nullable reference types should only be used in code within a '#nullable' annotations context. [c:\Users\scdou\Documents\NINA.Fujifilm.Plugin\src\NINA.Plugins.Fujifilm\NINA.Plugins.Fujifilm_irffjstc_wpftmp.csproj]
c:\Users\scdou\Documents\NINA.Fujifilm.Plugin\src\NINA.Plugins.Fujifilm\UI\SettingsViewModel.cs(153,68): warning CS8632: The annotation for nullable reference types should only be used in code within a '#nullable' annotations context. [c:\Users\scdou\Documents\NINA.Fujifilm.Plugin\src\NINA.Plugins.Fujifilm\NINA.Plugins.Fujifilm_irffjstc_wpftmp.csproj]
c:\Users\scdou\Documents\NINA.Fujifilm.Plugin\src\NINA.Plugins.Fujifilm\Interop\LibRawAdapter.cs(106,19): warning CS8632: The annotation for nullable reference types should only be used in code within a '#nullable' annotations context. [c:\Users\scdou\Documents\NINA.Fujifilm.Plugin\src\NINA.Plugins.Fujifilm\NINA.Plugins.Fujifilm_irffjstc_wpftmp.csproj]
c:\Users\scdou\Documents\NINA.Fujifilm.Plugin\src\NINA.Plugins.Fujifilm\Interop\LibRawAdapter.cs(259,11): warning CS8632: The annotation for nullable reference types should only be used in code within a '#nullable' annotations context. [c:\Users\scdou\Documents\NINA.Fujifilm.Plugin\src\NINA.Plugins.Fujifilm\NINA.Plugins.Fujifilm_irffjstc_wpftmp.csproj]
c:\Users\scdou\Documents\NINA.Fujifilm.Plugin\src\NINA.Plugins.Fujifilm\Interop\LibRawAdapter.cs(260,13): warning CS8632: The annotation for nullable reference types should only be used in code within a '#nullable' annotations context. [c:\Users\scdou\Documents\NINA.Fujifilm.Plugin\src\NINA.Plugins.Fujifilm\NINA.Plugins.Fujifilm_irffjstc_wpftmp.csproj]
c:\Users\scdou\Documents\NINA.Fujifilm.Plugin\src\NINA.Plugins.Fujifilm\UI\SettingsViewModel.cs(22,36): warning CS8632: The annotation for nullable reference types should only be used in code within a '#nullable' annotations context. [c:\Users\scdou\Documents\NINA.Fujifilm.Plugin\src\NINA.Plugins.Fujifilm\NINA.Plugins.Fujifilm_irffjstc_wpftmp.csproj]
c:\Users\scdou\Documents\NINA.Fujifilm.Plugin\src\NINA.Plugins.Fujifilm\UI\SettingsViewModel.cs(28,37): warning CS8632: The annotation for nullable reference types should only be used in code within a '#nullable' annotations context. [c:\Users\scdou\Documents\NINA.Fujifilm.Plugin\src\NINA.Plugins.Fujifilm\NINA.Plugins.Fujifilm_irffjstc_wpftmp.csproj]
c:\Users\scdou\Documents\NINA.Fujifilm.Plugin\src\NINA.Plugins.Fujifilm\UI\SettingsViewModel.cs(31,35): warning CS8632: The annotation for nullable reference types should only be used in code within a '#nullable' annotations context. [c:\Users\scdou\Documents\NINA.Fujifilm.Plugin\src\NINA.Plugins.Fujifilm\NINA.Plugins.Fujifilm_irffjstc_wpftmp.csproj]
c:\Users\scdou\Documents\NINA.Fujifilm.Plugin\src\NINA.Plugins.Fujifilm\Interop\LibRawAdapter.cs(268,20): warning CS8632: The annotation for nullable reference types should only be used in code within a '#nullable' annotations context. [c:\Users\scdou\Documents\NINA.Fujifilm.Plugin\src\NINA.Plugins.Fujifilm\NINA.Plugins.Fujifilm_irffjstc_wpftmp.csproj]
c:\Users\scdou\Documents\NINA.Fujifilm.Plugin\src\NINA.Plugins.Fujifilm\Devices\FujiFocuser.cs(21,37): warning CS8632: The annotation for nullable reference types should only be used in code within a '#nullable' annotations context. [c:\Users\scdou\Documents\NINA.Fujifilm.Plugin\src\NINA.Plugins.Fujifilm\NINA.Plugins.Fujifilm_irffjstc_wpftmp.csproj]
c:\Users\scdou\Documents\NINA.Fujifilm.Plugin\src\NINA.Plugins.Fujifilm\Devices\FujiFocuser.cs(22,25): warning CS8632: The annotation for nullable reference types should only be used in code within a '#nullable' annotations context. [c:\Users\scdou\Documents\NINA.Fujifilm.Plugin\src\NINA.Plugins.Fujifilm\NINA.Plugins.Fujifilm_irffjstc_wpftmp.csproj]
c:\Users\scdou\Documents\NINA.Fujifilm.Plugin\src\NINA.Plugins.Fujifilm\Interop\LibRawAdapter.cs(270,81): warning CS8632: The annotation for nullable reference types should only be used in code within a '#nullable' annotations context. [c:\Users\scdou\Documents\NINA.Fujifilm.Plugin\src\NINA.Plugins.Fujifilm\NINA.Plugins.Fujifilm_irffjstc_wpftmp.csproj]
c:\Users\scdou\Documents\NINA.Fujifilm.Plugin\src\NINA.Plugins.Fujifilm\Devices\FujiFocuser.cs(23,34): warning CS8632: The annotation for nullable reference types should only be used in code within a '#nullable' annotations context. [c:\Users\scdou\Documents\NINA.Fujifilm.Plugin\src\NINA.Plugins.Fujifilm\NINA.Plugins.Fujifilm_irffjstc_wpftmp.csproj]
c:\Users\scdou\Documents\NINA.Fujifilm.Plugin\src\NINA.Plugins.Fujifilm\Interop\RawProcessor.cs(176,28): warning CS8632: The annotation for nullable reference types should only be used in code within a '#nullable' annotations context. [c:\Users\scdou\Documents\NINA.Fujifilm.Plugin\src\NINA.Plugins.Fujifilm\NINA.Plugins.Fujifilm_irffjstc_wpftmp.csproj]
c:\Users\scdou\Documents\NINA.Fujifilm.Plugin\src\NINA.Plugins.Fujifilm\Interop\RawProcessor.cs(342,50): warning CS8632: The annotation for nullable reference types should only be used in code within a '#nullable' annotations context. [c:\Users\scdou\Documents\NINA.Fujifilm.Plugin\src\NINA.Plugins.Fujifilm\NINA.Plugins.Fujifilm_irffjstc_wpftmp.csproj]
c:\Users\scdou\Documents\NINA.Fujifilm.Plugin\src\NINA.Plugins.Fujifilm\Interop\RawProcessor.cs(373,26): warning CS8632: The annotation for nullable reference types should only be used in code within a '#nullable' annotations context. [c:\Users\scdou\Documents\NINA.Fujifilm.Plugin\src\NINA.Plugins.Fujifilm\NINA.Plugins.Fujifilm_irffjstc_wpftmp.csproj]
c:\Users\scdou\Documents\NINA.Fujifilm.Plugin\src\NINA.Plugins.Fujifilm\Interop\RawProcessor.cs(378,25): warning CS8632: The annotation for nullable reference types should only be used in code within a '#nullable' annotations context. [c:\Users\scdou\Documents\NINA.Fujifilm.Plugin\src\NINA.Plugins.Fujifilm\NINA.Plugins.Fujifilm_irffjstc_wpftmp.csproj]
c:\Users\scdou\Documents\NINA.Fujifilm.Plugin\src\NINA.Plugins.Fujifilm\Interop\RawProcessor.cs(14,24): warning CS8632: The annotation for nullable reference types should only be used in code within a '#nullable' annotations context. [c:\Users\scdou\Documents\NINA.Fujifilm.Plugin\src\NINA.Plugins.Fujifilm\NINA.Plugins.Fujifilm_irffjstc_wpftmp.csproj]
c:\Users\scdou\Documents\NINA.Fujifilm.Plugin\src\NINA.Plugins.Fujifilm\Interop\RawProcessor.cs(15,30): warning CS8632: The annotation for nullable reference types should only be used in code within a '#nullable' annotations context. [c:\Users\scdou\Documents\NINA.Fujifilm.Plugin\src\NINA.Plugins.Fujifilm\NINA.Plugins.Fujifilm_irffjstc_wpftmp.csproj]
c:\Users\scdou\Documents\NINA.Fujifilm.Plugin\src\NINA.Plugins.Fujifilm\Interop\RawProcessor.cs(394,20): warning CS8632: The annotation for nullable reference types should only be used in code within a '#nullable' annotations context. [c:\Users\scdou\Documents\NINA.Fujifilm.Plugin\src\NINA.Plugins.Fujifilm\NINA.Plugins.Fujifilm_irffjstc_wpftmp.csproj]
c:\Users\scdou\Documents\NINA.Fujifilm.Plugin\src\NINA.Plugins.Fujifilm\Interop\RawProcessor.cs(397,18): warning CS8632: The annotation for nullable reference types should only be used in code within a '#nullable' annotations context. [c:\Users\scdou\Documents\NINA.Fujifilm.Plugin\src\NINA.Plugins.Fujifilm\NINA.Plugins.Fujifilm_irffjstc_wpftmp.csproj]
c:\Users\scdou\Documents\NINA.Fujifilm.Plugin\src\NINA.Plugins.Fujifilm\Interop\RawProcessor.cs(398,18): warning CS8632: The annotation for nullable reference types should only be used in code within a '#nullable' annotations context. [c:\Users\scdou\Documents\NINA.Fujifilm.Plugin\src\NINA.Plugins.Fujifilm\NINA.Plugins.Fujifilm_irffjstc_wpftmp.csproj]
c:\Users\scdou\Documents\NINA.Fujifilm.Plugin\src\NINA.Plugins.Fujifilm\Devices\FujiCamera.cs(19,34): error CS0535: 'FujiCamera' does not implement interface member 'IAsyncDisposable.DisposeAsync()' [c:\Users\scdou\Documents\NINA.Fujifilm.Plugin\src\NINA.Plugins.Fujifilm\NINA.Plugins.Fujifilm_irffjstc_wpftmp.csproj]
    57 Warning(s)
    1 Error(s)

Time Elapsed 00:00:01.07
